Radek
dodane
dośąźćdane
